[1/14] Building CXX object CMakeFiles\FinceptTerminal.dir\src\screens\portfolio\PortfolioStatusBar.cpp.obj
FAILED: [code=2] CMakeFiles/FinceptTerminal.dir/src/screens/portfolio/PortfolioStatusBar.cpp.obj 
D:\Tools\MICROS~2\18\COMMUN~1\VC\Tools\MSVC\1450~1.357\bin\Hostx64\x64\cl.exe  /nologo /TP -DADS_STATIC -DFINCEPT_HAS_QXLSX -DFINCEPT_VERSION_STRING=\"4.0.2\" -DHAS_QT_MULTIMEDIA -DHAS_QT_TTS -DHAS_QT_WEBSOCKETS -DNOMINMAX -DQAPPLICATION_CLASS=QApplication -DQT_CHARTS_LIB -DQT_CONCURRENT_LIB -DQT_CORE_LIB -DQT_GUI_LIB -DQT_MULTIMEDIAWIDGETS_LIB -DQT_MULTIMEDIA_LIB -DQT_NETWORK_LIB -DQT_NO_DEBUG -DQT_OPENGLWIDGETS_LIB -DQT_OPENGL_LIB -DQT_PRINTSUPPORT_LIB -DQT_SQL_LIB -DQT_TEXTTOSPEECH_LIB -DQT_WEBSOCKETS_LIB -DQT_WIDGETS_LIB -DUNICODE -DWIN32 -DWIN32_LEAN_AND_MEAN -DWIN64 -D_ENABLE_EXTENDED_ALIGNED_STORAGE -D_UNICODE -D_WIN64 -I"E:\git tools\FinceptTerminal\fincept-qt\src" -I"E:\git tools\FinceptTerminal\fincept-qt\build\win-release\_deps\singleapplication-src" -I"E:\git tools\FinceptTerminal\fincept-qt\build\win-release\_deps\md4c-src\src" -I"E:\git tools\FinceptTerminal\fincept-qt\build\win-release\_deps\qxlsx-src\QXlsx\header" -I"E:\git tools\FinceptTerminal\fincept-qt\build\win-release\_deps\qgeoview-src\lib\include" -I"E:\git tools\FinceptTerminal\fincept-qt\build\win-release\_deps\qtads-src\src" -external:I"C:\Program Files\OpenSSL-Win64\include" -external:I"E:\git tools\FinceptTerminal\fincept-qt\build\win-release\FinceptTerminal_autogen\include" -external:ID:\Tools\Qt683\6.8.3\msvc2022_64\include\QtWidgets -external:ID:\Tools\Qt683\6.8.3\msvc2022_64\include -external:ID:\Tools\Qt683\6.8.3\msvc2022_64\include\QtCore -external:ID:\Tools\Qt683\6.8.3\msvc2022_64\mkspecs\win32-msvc -external:ID:\Tools\Qt683\6.8.3\msvc2022_64\include\QtGui -external:ID:\Tools\Qt683\6.8.3\msvc2022_64\include\QtCharts -external:ID:\Tools\Qt683\6.8.3\msvc2022_64\include\QtOpenGL -external:ID:\Tools\Qt683\6.8.3\msvc2022_64\include\QtOpenGLWidgets -external:ID:\Tools\Qt683\6.8.3\msvc2022_64\include\QtPrintSupport -external:ID:\Tools\Qt683\6.8.3\msvc2022_64\include\QtNetwork -external:ID:\Tools\Qt683\6.8.3\msvc2022_64\include\QtSql -external:ID:\Tools\Qt683\6.8.3\msvc2022_64\include\QtConcurrent -external:ID:\Tools\Qt683\6.8.3\msvc2022_64\include\QtMultimedia -external:ID:\Tools\Qt683\6.8.3\msvc2022_64\include\QtGui\6.8.3 -external:ID:\Tools\Qt683\6.8.3\msvc2022_64\include\QtGui\6.8.3\QtGui -external:ID:\Tools\Qt683\6.8.3\msvc2022_64\include\QtCore\6.8.3 -external:ID:\Tools\Qt683\6.8.3\msvc2022_64\include\QtCore\6.8.3\QtCore -external:ID:\Tools\Qt683\6.8.3\msvc2022_64\include\QtWebSockets -external:ID:\Tools\Qt683\6.8.3\msvc2022_64\include\QtMultimediaWidgets -external:ID:\Tools\Qt683\6.8.3\msvc2022_64\include\QtTextToSpeech -external:W0 -std:c++20 -MD /MP /Z7 /Oi /bigobj /permissive- /W4 /GL -Zc:__cplusplus -permissive- -utf-8 "/YuE:/git tools/FinceptTerminal/fincept-qt/build/win-release/CMakeFiles/FinceptTerminal.dir/cmake_pch.hxx" "/FpE:/git tools/FinceptTerminal/fincept-qt/build/win-release/CMakeFiles/FinceptTerminal.dir/.//cmake_pch.cxx.pch" "/FIE:/git tools/FinceptTerminal/fincept-qt/build/win-release/CMakeFiles/FinceptTerminal.dir/cmake_pch.hxx" /showIncludes /FoCMakeFiles\FinceptTerminal.dir\src\screens\portfolio\PortfolioStatusBar.cpp.obj /FdCMakeFiles\FinceptTerminal.dir\ /FS -c "E:\git tools\FinceptTerminal\fincept-qt\src\screens\portfolio\PortfolioStatusBar.cpp"
E:\git tools\FinceptTerminal\fincept-qt\src\screens/portfolio/PortfolioTypes.h(7): fatal error C1083: 无法打开包括文件: “optional”: No such file or directory
[2/14] Building CXX object CMakeFiles\FinceptTerminal.dir\src\screens\portfolio\PortfolioScreen.cpp.obj
FAILED: [code=2] CMakeFiles/FinceptTerminal.dir/src/screens/portfolio/PortfolioScreen.cpp.obj 
D:\Tools\MICROS~2\18\COMMUN~1\VC\Tools\MSVC\1450~1.357\bin\Hostx64\x64\cl.exe  /nologo /TP -DADS_STATIC -DFINCEPT_HAS_QXLSX -DFINCEPT_VERSION_STRING=\"4.0.2\" -DHAS_QT_MULTIMEDIA -DHAS_QT_TTS -DHAS_QT_WEBSOCKETS -DNOMINMAX -DQAPPLICATION_CLASS=QApplication -DQT_CHARTS_LIB -DQT_CONCURRENT_LIB -DQT_CORE_LIB -DQT_GUI_LIB -DQT_MULTIMEDIAWIDGETS_LIB -DQT_MULTIMEDIA_LIB -DQT_NETWORK_LIB -DQT_NO_DEBUG -DQT_OPENGLWIDGETS_LIB -DQT_OPENGL_LIB -DQT_PRINTSUPPORT_LIB -DQT_SQL_LIB -DQT_TEXTTOSPEECH_LIB -DQT_WEBSOCKETS_LIB -DQT_WIDGETS_LIB -DUNICODE -DWIN32 -DWIN32_LEAN_AND_MEAN -DWIN64 -D_ENABLE_EXTENDED_ALIGNED_STORAGE -D_UNICODE -D_WIN64 -I"E:\git tools\FinceptTerminal\fincept-qt\src" -I"E:\git tools\FinceptTerminal\fincept-qt\build\win-release\_deps\singleapplication-src" -I"E:\git tools\FinceptTerminal\fincept-qt\build\win-release\_deps\md4c-src\src" -I"E:\git tools\FinceptTerminal\fincept-qt\build\win-release\_deps\qxlsx-src\QXlsx\header" -I"E:\git tools\FinceptTerminal\fincept-qt\build\win-release\_deps\qgeoview-src\lib\include" -I"E:\git tools\FinceptTerminal\fincept-qt\build\win-release\_deps\qtads-src\src" -external:I"C:\Program Files\OpenSSL-Win64\include" -external:I"E:\git tools\FinceptTerminal\fincept-qt\build\win-release\FinceptTerminal_autogen\include" -external:ID:\Tools\Qt683\6.8.3\msvc2022_64\include\QtWidgets -external:ID:\Tools\Qt683\6.8.3\msvc2022_64\include -external:ID:\Tools\Qt683\6.8.3\msvc2022_64\include\QtCore -external:ID:\Tools\Qt683\6.8.3\msvc2022_64\mkspecs\win32-msvc -external:ID:\Tools\Qt683\6.8.3\msvc2022_64\include\QtGui -external:ID:\Tools\Qt683\6.8.3\msvc2022_64\include\QtCharts -external:ID:\Tools\Qt683\6.8.3\msvc2022_64\include\QtOpenGL -external:ID:\Tools\Qt683\6.8.3\msvc2022_64\include\QtOpenGLWidgets -external:ID:\Tools\Qt683\6.8.3\msvc2022_64\include\QtPrintSupport -external:ID:\Tools\Qt683\6.8.3\msvc2022_64\include\QtNetwork -external:ID:\Tools\Qt683\6.8.3\msvc2022_64\include\QtSql -external:ID:\Tools\Qt683\6.8.3\msvc2022_64\include\QtConcurrent -external:ID:\Tools\Qt683\6.8.3\msvc2022_64\include\QtMultimedia -external:ID:\Tools\Qt683\6.8.3\msvc2022_64\include\QtGui\6.8.3 -external:ID:\Tools\Qt683\6.8.3\msvc2022_64\include\QtGui\6.8.3\QtGui -external:ID:\Tools\Qt683\6.8.3\msvc2022_64\include\QtCore\6.8.3 -external:ID:\Tools\Qt683\6.8.3\msvc2022_64\include\QtCore\6.8.3\QtCore -external:ID:\Tools\Qt683\6.8.3\msvc2022_64\include\QtWebSockets -external:ID:\Tools\Qt683\6.8.3\msvc2022_64\include\QtMultimediaWidgets -external:ID:\Tools\Qt683\6.8.3\msvc2022_64\include\QtTextToSpeech -external:W0 -std:c++20 -MD /MP /Z7 /Oi /bigobj /permissive- /W4 /GL -Zc:__cplusplus -permissive- -utf-8 "/YuE:/git tools/FinceptTerminal/fincept-qt/build/win-release/CMakeFiles/FinceptTerminal.dir/cmake_pch.hxx" "/FpE:/git tools/FinceptTerminal/fincept-qt/build/win-release/CMakeFiles/FinceptTerminal.dir/.//cmake_pch.cxx.pch" "/FIE:/git tools/FinceptTerminal/fincept-qt/build/win-release/CMakeFiles/FinceptTerminal.dir/cmake_pch.hxx" /showIncludes /FoCMakeFiles\FinceptTerminal.dir\src\screens\portfolio\PortfolioScreen.cpp.obj /FdCMakeFiles\FinceptTerminal.dir\ /FS -c "E:\git tools\FinceptTerminal\fincept-qt\src\screens\portfolio\PortfolioScreen.cpp"
E:\git tools\FinceptTerminal\fincept-qt\src\screens/portfolio/PortfolioTypes.h(7): fatal error C1083: 无法打开包括文件: “optional”: No such file or directory
[3/14] Building CXX object CMakeFiles\FinceptTerminal.dir\src\screens\portfolio\PortfolioCommandBar.cpp.obj
FAILED: [code=2] CMakeFiles/FinceptTerminal.dir/src/screens/portfolio/PortfolioCommandBar.cpp.obj 
D:\Tools\MICROS~2\18\COMMUN~1\VC\Tools\MSVC\1450~1.357\bin\Hostx64\x64\cl.exe  /nologo /TP -DADS_STATIC -DFINCEPT_HAS_QXLSX -DFINCEPT_VERSION_STRING=\"4.0.2\" -DHAS_QT_MULTIMEDIA -DHAS_QT_TTS -DHAS_QT_WEBSOCKETS -DNOMINMAX -DQAPPLICATION_CLASS=QApplication -DQT_CHARTS_LIB -DQT_CONCURRENT_LIB -DQT_CORE_LIB -DQT_GUI_LIB -DQT_MULTIMEDIAWIDGETS_LIB -DQT_MULTIMEDIA_LIB -DQT_NETWORK_LIB -DQT_NO_DEBUG -DQT_OPENGLWIDGETS_LIB -DQT_OPENGL_LIB -DQT_PRINTSUPPORT_LIB -DQT_SQL_LIB -DQT_TEXTTOSPEECH_LIB -DQT_WEBSOCKETS_LIB -DQT_WIDGETS_LIB -DUNICODE -DWIN32 -DWIN32_LEAN_AND_MEAN -DWIN64 -D_ENABLE_EXTENDED_ALIGNED_STORAGE -D_UNICODE -D_WIN64 -I"E:\git tools\FinceptTerminal\fincept-qt\src" -I"E:\git tools\FinceptTerminal\fincept-qt\build\win-release\_deps\singleapplication-src" -I"E:\git tools\FinceptTerminal\fincept-qt\build\win-release\_deps\md4c-src\src" -I"E:\git tools\FinceptTerminal\fincept-qt\build\win-release\_deps\qxlsx-src\QXlsx\header" -I"E:\git tools\FinceptTerminal\fincept-qt\build\win-release\_deps\qgeoview-src\lib\include" -I"E:\git tools\FinceptTerminal\fincept-qt\build\win-release\_deps\qtads-src\src" -external:I"C:\Program Files\OpenSSL-Win64\include" -external:I"E:\git tools\FinceptTerminal\fincept-qt\build\win-release\FinceptTerminal_autogen\include" -external:ID:\Tools\Qt683\6.8.3\msvc2022_64\include\QtWidgets -external:ID:\Tools\Qt683\6.8.3\msvc2022_64\include -external:ID:\Tools\Qt683\6.8.3\msvc2022_64\include\QtCore -external:ID:\Tools\Qt683\6.8.3\msvc2022_64\mkspecs\win32-msvc -external:ID:\Tools\Qt683\6.8.3\msvc2022_64\include\QtGui -external:ID:\Tools\Qt683\6.8.3\msvc2022_64\include\QtCharts -external:ID:\Tools\Qt683\6.8.3\msvc2022_64\include\QtOpenGL -external:ID:\Tools\Qt683\6.8.3\msvc2022_64\include\QtOpenGLWidgets -external:ID:\Tools\Qt683\6.8.3\msvc2022_64\include\QtPrintSupport -external:ID:\Tools\Qt683\6.8.3\msvc2022_64\include\QtNetwork -external:ID:\Tools\Qt683\6.8.3\msvc2022_64\include\QtSql -external:ID:\Tools\Qt683\6.8.3\msvc2022_64\include\QtConcurrent -external:ID:\Tools\Qt683\6.8.3\msvc2022_64\include\QtMultimedia -external:ID:\Tools\Qt683\6.8.3\msvc2022_64\include\QtGui\6.8.3 -external:ID:\Tools\Qt683\6.8.3\msvc2022_64\include\QtGui\6.8.3\QtGui -external:ID:\Tools\Qt683\6.8.3\msvc2022_64\include\QtCore\6.8.3 -external:ID:\Tools\Qt683\6.8.3\msvc2022_64\include\QtCore\6.8.3\QtCore -external:ID:\Tools\Qt683\6.8.3\msvc2022_64\include\QtWebSockets -external:ID:\Tools\Qt683\6.8.3\msvc2022_64\include\QtMultimediaWidgets -external:ID:\Tools\Qt683\6.8.3\msvc2022_64\include\QtTextToSpeech -external:W0 -std:c++20 -MD /MP /Z7 /Oi /bigobj /permissive- /W4 /GL -Zc:__cplusplus -permissive- -utf-8 "/YuE:/git tools/FinceptTerminal/fincept-qt/build/win-release/CMakeFiles/FinceptTerminal.dir/cmake_pch.hxx" "/FpE:/git tools/FinceptTerminal/fincept-qt/build/win-release/CMakeFiles/FinceptTerminal.dir/.//cmake_pch.cxx.pch" "/FIE:/git tools/FinceptTerminal/fincept-qt/build/win-release/CMakeFiles/FinceptTerminal.dir/cmake_pch.hxx" /showIncludes /FoCMakeFiles\FinceptTerminal.dir\src\screens\portfolio\PortfolioCommandBar.cpp.obj /FdCMakeFiles\FinceptTerminal.dir\ /FS -c "E:\git tools\FinceptTerminal\fincept-qt\src\screens\portfolio\PortfolioCommandBar.cpp"
E:\git tools\FinceptTerminal\fincept-qt\src\screens/portfolio/PortfolioTypes.h(7): fatal error C1083: 无法打开包括文件: “optional”: No such file or directory
[4/14] Building CXX object CMakeFiles\FinceptTerminal.dir\src\screens\markets\MarketsScreen.cpp.obj
FAILED: [code=2] CMakeFiles/FinceptTerminal.dir/src/screens/markets/MarketsScreen.cpp.obj 
D:\Tools\MICROS~2\18\COMMUN~1\VC\Tools\MSVC\1450~1.357\bin\Hostx64\x64\cl.exe  /nologo /TP -DADS_STATIC -DFINCEPT_HAS_QXLSX -DFINCEPT_VERSION_STRING=\"4.0.2\" -DHAS_QT_MULTIMEDIA -DHAS_QT_TTS -DHAS_QT_WEBSOCKETS -DNOMINMAX -DQAPPLICATION_CLASS=QApplication -DQT_CHARTS_LIB -DQT_CONCURRENT_LIB -DQT_CORE_LIB -DQT_GUI_LIB -DQT_MULTIMEDIAWIDGETS_LIB -DQT_MULTIMEDIA_LIB -DQT_NETWORK_LIB -DQT_NO_DEBUG -DQT_OPENGLWIDGETS_LIB -DQT_OPENGL_LIB -DQT_PRINTSUPPORT_LIB -DQT_SQL_LIB -DQT_TEXTTOSPEECH_LIB -DQT_WEBSOCKETS_LIB -DQT_WIDGETS_LIB -DUNICODE -DWIN32 -DWIN32_LEAN_AND_MEAN -DWIN64 -D_ENABLE_EXTENDED_ALIGNED_STORAGE -D_UNICODE -D_WIN64 -I"E:\git tools\FinceptTerminal\fincept-qt\src" -I"E:\git tools\FinceptTerminal\fincept-qt\build\win-release\_deps\singleapplication-src" -I"E:\git tools\FinceptTerminal\fincept-qt\build\win-release\_deps\md4c-src\src" -I"E:\git tools\FinceptTerminal\fincept-qt\build\win-release\_deps\qxlsx-src\QXlsx\header" -I"E:\git tools\FinceptTerminal\fincept-qt\build\win-release\_deps\qgeoview-src\lib\include" -I"E:\git tools\FinceptTerminal\fincept-qt\build\win-release\_deps\qtads-src\src" -external:I"C:\Program Files\OpenSSL-Win64\include" -external:I"E:\git tools\FinceptTerminal\fincept-qt\build\win-release\FinceptTerminal_autogen\include" -external:ID:\Tools\Qt683\6.8.3\msvc2022_64\include\QtWidgets -external:ID:\Tools\Qt683\6.8.3\msvc2022_64\include -external:ID:\Tools\Qt683\6.8.3\msvc2022_64\include\QtCore -external:ID:\Tools\Qt683\6.8.3\msvc2022_64\mkspecs\win32-msvc -external:ID:\Tools\Qt683\6.8.3\msvc2022_64\include\QtGui -external:ID:\Tools\Qt683\6.8.3\msvc2022_64\include\QtCharts -external:ID:\Tools\Qt683\6.8.3\msvc2022_64\include\QtOpenGL -external:ID:\Tools\Qt683\6.8.3\msvc2022_64\include\QtOpenGLWidgets -external:ID:\Tools\Qt683\6.8.3\msvc2022_64\include\QtPrintSupport -external:ID:\Tools\Qt683\6.8.3\msvc2022_64\include\QtNetwork -external:ID:\Tools\Qt683\6.8.3\msvc2022_64\include\QtSql -external:ID:\Tools\Qt683\6.8.3\msvc2022_64\include\QtConcurrent -external:ID:\Tools\Qt683\6.8.3\msvc2022_64\include\QtMultimedia -external:ID:\Tools\Qt683\6.8.3\msvc2022_64\include\QtGui\6.8.3 -external:ID:\Tools\Qt683\6.8.3\msvc2022_64\include\QtGui\6.8.3\QtGui -external:ID:\Tools\Qt683\6.8.3\msvc2022_64\include\QtCore\6.8.3 -external:ID:\Tools\Qt683\6.8.3\msvc2022_64\include\QtCore\6.8.3\QtCore -external:ID:\Tools\Qt683\6.8.3\msvc2022_64\include\QtWebSockets -external:ID:\Tools\Qt683\6.8.3\msvc2022_64\include\QtMultimediaWidgets -external:ID:\Tools\Qt683\6.8.3\msvc2022_64\include\QtTextToSpeech -external:W0 -std:c++20 -MD /MP /Z7 /Oi /bigobj /permissive- /W4 /GL -Zc:__cplusplus -permissive- -utf-8 "/YuE:/git tools/FinceptTerminal/fincept-qt/build/win-release/CMakeFiles/FinceptTerminal.dir/cmake_pch.hxx" "/FpE:/git tools/FinceptTerminal/fincept-qt/build/win-release/CMakeFiles/FinceptTerminal.dir/.//cmake_pch.cxx.pch" "/FIE:/git tools/FinceptTerminal/fincept-qt/build/win-release/CMakeFiles/FinceptTerminal.dir/cmake_pch.hxx" /showIncludes /FoCMakeFiles\FinceptTerminal.dir\src\screens\markets\MarketsScreen.cpp.obj /FdCMakeFiles\FinceptTerminal.dir\ /FS -c "E:\git tools\FinceptTerminal\fincept-qt\src\screens\markets\MarketsScreen.cpp"
E:\git tools\FinceptTerminal\fincept-qt\src\core/result/Result.h(2): fatal error C1083: 无法打开包括文件: “functional”: No such file or directory
[5/14] Building CXX object CMakeFiles\FinceptTerminal.dir\src\screens\node_editor\properties\NodePropertiesPanel.cpp.obj
FAILED: [code=2] CMakeFiles/FinceptTerminal.dir/src/screens/node_editor/properties/NodePropertiesPanel.cpp.obj 
D:\Tools\MICROS~2\18\COMMUN~1\VC\Tools\MSVC\1450~1.357\bin\Hostx64\x64\cl.exe  /nologo /TP -DADS_STATIC -DFINCEPT_HAS_QXLSX -DFINCEPT_VERSION_STRING=\"4.0.2\" -DHAS_QT_MULTIMEDIA -DHAS_QT_TTS -DHAS_QT_WEBSOCKETS -DNOMINMAX -DQAPPLICATION_CLASS=QApplication -DQT_CHARTS_LIB -DQT_CONCURRENT_LIB -DQT_CORE_LIB -DQT_GUI_LIB -DQT_MULTIMEDIAWIDGETS_LIB -DQT_MULTIMEDIA_LIB -DQT_NETWORK_LIB -DQT_NO_DEBUG -DQT_OPENGLWIDGETS_LIB -DQT_OPENGL_LIB -DQT_PRINTSUPPORT_LIB -DQT_SQL_LIB -DQT_TEXTTOSPEECH_LIB -DQT_WEBSOCKETS_LIB -DQT_WIDGETS_LIB -DUNICODE -DWIN32 -DWIN32_LEAN_AND_MEAN -DWIN64 -D_ENABLE_EXTENDED_ALIGNED_STORAGE -D_UNICODE -D_WIN64 -I"E:\git tools\FinceptTerminal\fincept-qt\src" -I"E:\git tools\FinceptTerminal\fincept-qt\build\win-release\_deps\singleapplication-src" -I"E:\git tools\FinceptTerminal\fincept-qt\build\win-release\_deps\md4c-src\src" -I"E:\git tools\FinceptTerminal\fincept-qt\build\win-release\_deps\qxlsx-src\QXlsx\header" -I"E:\git tools\FinceptTerminal\fincept-qt\build\win-release\_deps\qgeoview-src\lib\include" -I"E:\git tools\FinceptTerminal\fincept-qt\build\win-release\_deps\qtads-src\src" -external:I"C:\Program Files\OpenSSL-Win64\include" -external:I"E:\git tools\FinceptTerminal\fincept-qt\build\win-release\FinceptTerminal_autogen\include" -external:ID:\Tools\Qt683\6.8.3\msvc2022_64\include\QtWidgets -external:ID:\Tools\Qt683\6.8.3\msvc2022_64\include -external:ID:\Tools\Qt683\6.8.3\msvc2022_64\include\QtCore -external:ID:\Tools\Qt683\6.8.3\msvc2022_64\mkspecs\win32-msvc -external:ID:\Tools\Qt683\6.8.3\msvc2022_64\include\QtGui -external:ID:\Tools\Qt683\6.8.3\msvc2022_64\include\QtCharts -external:ID:\Tools\Qt683\6.8.3\msvc2022_64\include\QtOpenGL -external:ID:\Tools\Qt683\6.8.3\msvc2022_64\include\QtOpenGLWidgets -external:ID:\Tools\Qt683\6.8.3\msvc2022_64\include\QtPrintSupport -external:ID:\Tools\Qt683\6.8.3\msvc2022_64\include\QtNetwork -external:ID:\Tools\Qt683\6.8.3\msvc2022_64\include\QtSql -external:ID:\Tools\Qt683\6.8.3\msvc2022_64\include\QtConcurrent -external:ID:\Tools\Qt683\6.8.3\msvc2022_64\include\QtMultimedia -external:ID:\Tools\Qt683\6.8.3\msvc2022_64\include\QtGui\6.8.3 -external:ID:\Tools\Qt683\6.8.3\msvc2022_64\include\QtGui\6.8.3\QtGui -external:ID:\Tools\Qt683\6.8.3\msvc2022_64\include\QtCore\6.8.3 -external:ID:\Tools\Qt683\6.8.3\msvc2022_64\include\QtCore\6.8.3\QtCore -external:ID:\Tools\Qt683\6.8.3\msvc2022_64\include\QtWebSockets -external:ID:\Tools\Qt683\6.8.3\msvc2022_64\include\QtMultimediaWidgets -external:ID:\Tools\Qt683\6.8.3\msvc2022_64\include\QtTextToSpeech -external:W0 -std:c++20 -MD /MP /Z7 /Oi /bigobj /permissive- /W4 /GL -Zc:__cplusplus -permissive- -utf-8 "/YuE:/git tools/FinceptTerminal/fincept-qt/build/win-release/CMakeFiles/FinceptTerminal.dir/cmake_pch.hxx" "/FpE:/git tools/FinceptTerminal/fincept-qt/build/win-release/CMakeFiles/FinceptTerminal.dir/.//cmake_pch.cxx.pch" "/FIE:/git tools/FinceptTerminal/fincept-qt/build/win-release/CMakeFiles/FinceptTerminal.dir/cmake_pch.hxx" /showIncludes /FoCMakeFiles\FinceptTerminal.dir\src\screens\node_editor\properties\NodePropertiesPanel.cpp.obj /FdCMakeFiles\FinceptTerminal.dir\ /FS -c "E:\git tools\FinceptTerminal\fincept-qt\src\screens\node_editor\properties\NodePropertiesPanel.cpp"
E:\git tools\FinceptTerminal\fincept-qt\src\screens/node_editor/NodeEditorTypes.h(9): fatal error C1083: 无法打开包括文件: “functional”: No such file or directory
[6/14] Building CXX object CMakeFiles\FinceptTerminal.dir\src\screens\node_editor\NodeEditorScreen.cpp.obj
FAILED: [code=2] CMakeFiles/FinceptTerminal.dir/src/screens/node_editor/NodeEditorScreen.cpp.obj 
D:\Tools\MICROS~2\18\COMMUN~1\VC\Tools\MSVC\1450~1.357\bin\Hostx64\x64\cl.exe  /nologo /TP -DADS_STATIC -DFINCEPT_HAS_QXLSX -DFINCEPT_VERSION_STRING=\"4.0.2\" -DHAS_QT_MULTIMEDIA -DHAS_QT_TTS -DHAS_QT_WEBSOCKETS -DNOMINMAX -DQAPPLICATION_CLASS=QApplication -DQT_CHARTS_LIB -DQT_CONCURRENT_LIB -DQT_CORE_LIB -DQT_GUI_LIB -DQT_MULTIMEDIAWIDGETS_LIB -DQT_MULTIMEDIA_LIB -DQT_NETWORK_LIB -DQT_NO_DEBUG -DQT_OPENGLWIDGETS_LIB -DQT_OPENGL_LIB -DQT_PRINTSUPPORT_LIB -DQT_SQL_LIB -DQT_TEXTTOSPEECH_LIB -DQT_WEBSOCKETS_LIB -DQT_WIDGETS_LIB -DUNICODE -DWIN32 -DWIN32_LEAN_AND_MEAN -DWIN64 -D_ENABLE_EXTENDED_ALIGNED_STORAGE -D_UNICODE -D_WIN64 -I"E:\git tools\FinceptTerminal\fincept-qt\src" -I"E:\git tools\FinceptTerminal\fincept-qt\build\win-release\_deps\singleapplication-src" -I"E:\git tools\FinceptTerminal\fincept-qt\build\win-release\_deps\md4c-src\src" -I"E:\git tools\FinceptTerminal\fincept-qt\build\win-release\_deps\qxlsx-src\QXlsx\header" -I"E:\git tools\FinceptTerminal\fincept-qt\build\win-release\_deps\qgeoview-src\lib\include" -I"E:\git tools\FinceptTerminal\fincept-qt\build\win-release\_deps\qtads-src\src" -external:I"C:\Program Files\OpenSSL-Win64\include" -external:I"E:\git tools\FinceptTerminal\fincept-qt\build\win-release\FinceptTerminal_autogen\include" -external:ID:\Tools\Qt683\6.8.3\msvc2022_64\include\QtWidgets -external:ID:\Tools\Qt683\6.8.3\msvc2022_64\include -external:ID:\Tools\Qt683\6.8.3\msvc2022_64\include\QtCore -external:ID:\Tools\Qt683\6.8.3\msvc2022_64\mkspecs\win32-msvc -external:ID:\Tools\Qt683\6.8.3\msvc2022_64\include\QtGui -external:ID:\Tools\Qt683\6.8.3\msvc2022_64\include\QtCharts -external:ID:\Tools\Qt683\6.8.3\msvc2022_64\include\QtOpenGL -external:ID:\Tools\Qt683\6.8.3\msvc2022_64\include\QtOpenGLWidgets -external:ID:\Tools\Qt683\6.8.3\msvc2022_64\include\QtPrintSupport -external:ID:\Tools\Qt683\6.8.3\msvc2022_64\include\QtNetwork -external:ID:\Tools\Qt683\6.8.3\msvc2022_64\include\QtSql -external:ID:\Tools\Qt683\6.8.3\msvc2022_64\include\QtConcurrent -external:ID:\Tools\Qt683\6.8.3\msvc2022_64\include\QtMultimedia -external:ID:\Tools\Qt683\6.8.3\msvc2022_64\include\QtGui\6.8.3 -external:ID:\Tools\Qt683\6.8.3\msvc2022_64\include\QtGui\6.8.3\QtGui -external:ID:\Tools\Qt683\6.8.3\msvc2022_64\include\QtCore\6.8.3 -external:ID:\Tools\Qt683\6.8.3\msvc2022_64\include\QtCore\6.8.3\QtCore -external:ID:\Tools\Qt683\6.8.3\msvc2022_64\include\QtWebSockets -external:ID:\Tools\Qt683\6.8.3\msvc2022_64\include\QtMultimediaWidgets -external:ID:\Tools\Qt683\6.8.3\msvc2022_64\include\QtTextToSpeech -external:W0 -std:c++20 -MD /MP /Z7 /Oi /bigobj /permissive- /W4 /GL -Zc:__cplusplus -permissive- -utf-8 "/YuE:/git tools/FinceptTerminal/fincept-qt/build/win-release/CMakeFiles/FinceptTerminal.dir/cmake_pch.hxx" "/FpE:/git tools/FinceptTerminal/fincept-qt/build/win-release/CMakeFiles/FinceptTerminal.dir/.//cmake_pch.cxx.pch" "/FIE:/git tools/FinceptTerminal/fincept-qt/build/win-release/CMakeFiles/FinceptTerminal.dir/cmake_pch.hxx" /showIncludes /FoCMakeFiles\FinceptTerminal.dir\src\screens\node_editor\NodeEditorScreen.cpp.obj /FdCMakeFiles\FinceptTerminal.dir\ /FS -c "E:\git tools\FinceptTerminal\fincept-qt\src\screens\node_editor\NodeEditorScreen.cpp"
E:\git tools\FinceptTerminal\fincept-qt\src\screens/node_editor/NodeEditorTypes.h(9): fatal error C1083: 无法打开包括文件: “functional”: No such file or directory
[7/14] Building CXX object CMakeFiles\FinceptTerminal.dir\src\screens\portfolio\PortfolioBlotter.cpp.obj
FAILED: [code=2] CMakeFiles/FinceptTerminal.dir/src/screens/portfolio/PortfolioBlotter.cpp.obj 
D:\Tools\MICROS~2\18\COMMUN~1\VC\Tools\MSVC\1450~1.357\bin\Hostx64\x64\cl.exe  /nologo /TP -DADS_STATIC -DFINCEPT_HAS_QXLSX -DFINCEPT_VERSION_STRING=\"4.0.2\" -DHAS_QT_MULTIMEDIA -DHAS_QT_TTS -DHAS_QT_WEBSOCKETS -DNOMINMAX -DQAPPLICATION_CLASS=QApplication -DQT_CHARTS_LIB -DQT_CONCURRENT_LIB -DQT_CORE_LIB -DQT_GUI_LIB -DQT_MULTIMEDIAWIDGETS_LIB -DQT_MULTIMEDIA_LIB -DQT_NETWORK_LIB -DQT_NO_DEBUG -DQT_OPENGLWIDGETS_LIB -DQT_OPENGL_LIB -DQT_PRINTSUPPORT_LIB -DQT_SQL_LIB -DQT_TEXTTOSPEECH_LIB -DQT_WEBSOCKETS_LIB -DQT_WIDGETS_LIB -DUNICODE -DWIN32 -DWIN32_LEAN_AND_MEAN -DWIN64 -D_ENABLE_EXTENDED_ALIGNED_STORAGE -D_UNICODE -D_WIN64 -I"E:\git tools\FinceptTerminal\fincept-qt\src" -I"E:\git tools\FinceptTerminal\fincept-qt\build\win-release\_deps\singleapplication-src" -I"E:\git tools\FinceptTerminal\fincept-qt\build\win-release\_deps\md4c-src\src" -I"E:\git tools\FinceptTerminal\fincept-qt\build\win-release\_deps\qxlsx-src\QXlsx\header" -I"E:\git tools\FinceptTerminal\fincept-qt\build\win-release\_deps\qgeoview-src\lib\include" -I"E:\git tools\FinceptTerminal\fincept-qt\build\win-release\_deps\qtads-src\src" -external:I"C:\Program Files\OpenSSL-Win64\include" -external:I"E:\git tools\FinceptTerminal\fincept-qt\build\win-release\FinceptTerminal_autogen\include" -external:ID:\Tools\Qt683\6.8.3\msvc2022_64\include\QtWidgets -external:ID:\Tools\Qt683\6.8.3\msvc2022_64\include -external:ID:\Tools\Qt683\6.8.3\msvc2022_64\include\QtCore -external:ID:\Tools\Qt683\6.8.3\msvc2022_64\mkspecs\win32-msvc -external:ID:\Tools\Qt683\6.8.3\msvc2022_64\include\QtGui -external:ID:\Tools\Qt683\6.8.3\msvc2022_64\include\QtCharts -external:ID:\Tools\Qt683\6.8.3\msvc2022_64\include\QtOpenGL -external:ID:\Tools\Qt683\6.8.3\msvc2022_64\include\QtOpenGLWidgets -external:ID:\Tools\Qt683\6.8.3\msvc2022_64\include\QtPrintSupport -external:ID:\Tools\Qt683\6.8.3\msvc2022_64\include\QtNetwork -external:ID:\Tools\Qt683\6.8.3\msvc2022_64\include\QtSql -external:ID:\Tools\Qt683\6.8.3\msvc2022_64\include\QtConcurrent -external:ID:\Tools\Qt683\6.8.3\msvc2022_64\include\QtMultimedia -external:ID:\Tools\Qt683\6.8.3\msvc2022_64\include\QtGui\6.8.3 -external:ID:\Tools\Qt683\6.8.3\msvc2022_64\include\QtGui\6.8.3\QtGui -external:ID:\Tools\Qt683\6.8.3\msvc2022_64\include\QtCore\6.8.3 -external:ID:\Tools\Qt683\6.8.3\msvc2022_64\include\QtCore\6.8.3\QtCore -external:ID:\Tools\Qt683\6.8.3\msvc2022_64\include\QtWebSockets -external:ID:\Tools\Qt683\6.8.3\msvc2022_64\include\QtMultimediaWidgets -external:ID:\Tools\Qt683\6.8.3\msvc2022_64\include\QtTextToSpeech -external:W0 -std:c++20 -MD /MP /Z7 /Oi /bigobj /permissive- /W4 /GL -Zc:__cplusplus -permissive- -utf-8 "/YuE:/git tools/FinceptTerminal/fincept-qt/build/win-release/CMakeFiles/FinceptTerminal.dir/cmake_pch.hxx" "/FpE:/git tools/FinceptTerminal/fincept-qt/build/win-release/CMakeFiles/FinceptTerminal.dir/.//cmake_pch.cxx.pch" "/FIE:/git tools/FinceptTerminal/fincept-qt/build/win-release/CMakeFiles/FinceptTerminal.dir/cmake_pch.hxx" /showIncludes /FoCMakeFiles\FinceptTerminal.dir\src\screens\portfolio\PortfolioBlotter.cpp.obj /FdCMakeFiles\FinceptTerminal.dir\ /FS -c "E:\git tools\FinceptTerminal\fincept-qt\src\screens\portfolio\PortfolioBlotter.cpp"
E:\git tools\FinceptTerminal\fincept-qt\src\screens/portfolio/PortfolioTypes.h(7): fatal error C1083: 无法打开包括文件: “optional”: No such file or directory
[8/14] Building CXX object CMakeFiles\FinceptTerminal.dir\src\screens\portfolio\PortfolioStatsRibbon.cpp.obj
FAILED: [code=2] CMakeFiles/FinceptTerminal.dir/src/screens/portfolio/PortfolioStatsRibbon.cpp.obj 
D:\Tools\MICROS~2\18\COMMUN~1\VC\Tools\MSVC\1450~1.357\bin\Hostx64\x64\cl.exe  /nologo /TP -DADS_STATIC -DFINCEPT_HAS_QXLSX -DFINCEPT_VERSION_STRING=\"4.0.2\" -DHAS_QT_MULTIMEDIA -DHAS_QT_TTS -DHAS_QT_WEBSOCKETS -DNOMINMAX -DQAPPLICATION_CLASS=QApplication -DQT_CHARTS_LIB -DQT_CONCURRENT_LIB -DQT_CORE_LIB -DQT_GUI_LIB -DQT_MULTIMEDIAWIDGETS_LIB -DQT_MULTIMEDIA_LIB -DQT_NETWORK_LIB -DQT_NO_DEBUG -DQT_OPENGLWIDGETS_LIB -DQT_OPENGL_LIB -DQT_PRINTSUPPORT_LIB -DQT_SQL_LIB -DQT_TEXTTOSPEECH_LIB -DQT_WEBSOCKETS_LIB -DQT_WIDGETS_LIB -DUNICODE -DWIN32 -DWIN32_LEAN_AND_MEAN -DWIN64 -D_ENABLE_EXTENDED_ALIGNED_STORAGE -D_UNICODE -D_WIN64 -I"E:\git tools\FinceptTerminal\fincept-qt\src" -I"E:\git tools\FinceptTerminal\fincept-qt\build\win-release\_deps\singleapplication-src" -I"E:\git tools\FinceptTerminal\fincept-qt\build\win-release\_deps\md4c-src\src" -I"E:\git tools\FinceptTerminal\fincept-qt\build\win-release\_deps\qxlsx-src\QXlsx\header" -I"E:\git tools\FinceptTerminal\fincept-qt\build\win-release\_deps\qgeoview-src\lib\include" -I"E:\git tools\FinceptTerminal\fincept-qt\build\win-release\_deps\qtads-src\src" -external:I"C:\Program Files\OpenSSL-Win64\include" -external:I"E:\git tools\FinceptTerminal\fincept-qt\build\win-release\FinceptTerminal_autogen\include" -external:ID:\Tools\Qt683\6.8.3\msvc2022_64\include\QtWidgets -external:ID:\Tools\Qt683\6.8.3\msvc2022_64\include -external:ID:\Tools\Qt683\6.8.3\msvc2022_64\include\QtCore -external:ID:\Tools\Qt683\6.8.3\msvc2022_64\mkspecs\win32-msvc -external:ID:\Tools\Qt683\6.8.3\msvc2022_64\include\QtGui -external:ID:\Tools\Qt683\6.8.3\msvc2022_64\include\QtCharts -external:ID:\Tools\Qt683\6.8.3\msvc2022_64\include\QtOpenGL -external:ID:\Tools\Qt683\6.8.3\msvc2022_64\include\QtOpenGLWidgets -external:ID:\Tools\Qt683\6.8.3\msvc2022_64\include\QtPrintSupport -external:ID:\Tools\Qt683\6.8.3\msvc2022_64\include\QtNetwork -external:ID:\Tools\Qt683\6.8.3\msvc2022_64\include\QtSql -external:ID:\Tools\Qt683\6.8.3\msvc2022_64\include\QtConcurrent -external:ID:\Tools\Qt683\6.8.3\msvc2022_64\include\QtMultimedia -external:ID:\Tools\Qt683\6.8.3\msvc2022_64\include\QtGui\6.8.3 -external:ID:\Tools\Qt683\6.8.3\msvc2022_64\include\QtGui\6.8.3\QtGui -external:ID:\Tools\Qt683\6.8.3\msvc2022_64\include\QtCore\6.8.3 -external:ID:\Tools\Qt683\6.8.3\msvc2022_64\include\QtCore\6.8.3\QtCore -external:ID:\Tools\Qt683\6.8.3\msvc2022_64\include\QtWebSockets -external:ID:\Tools\Qt683\6.8.3\msvc2022_64\include\QtMultimediaWidgets -external:ID:\Tools\Qt683\6.8.3\msvc2022_64\include\QtTextToSpeech -external:W0 -std:c++20 -MD /MP /Z7 /Oi /bigobj /permissive- /W4 /GL -Zc:__cplusplus -permissive- -utf-8 "/YuE:/git tools/FinceptTerminal/fincept-qt/build/win-release/CMakeFiles/FinceptTerminal.dir/cmake_pch.hxx" "/FpE:/git tools/FinceptTerminal/fincept-qt/build/win-release/CMakeFiles/FinceptTerminal.dir/.//cmake_pch.cxx.pch" "/FIE:/git tools/FinceptTerminal/fincept-qt/build/win-release/CMakeFiles/FinceptTerminal.dir/cmake_pch.hxx" /showIncludes /FoCMakeFiles\FinceptTerminal.dir\src\screens\portfolio\PortfolioStatsRibbon.cpp.obj /FdCMakeFiles\FinceptTerminal.dir\ /FS -c "E:\git tools\FinceptTerminal\fincept-qt\src\screens\portfolio\PortfolioStatsRibbon.cpp"
E:\git tools\FinceptTerminal\fincept-qt\src\screens/portfolio/PortfolioTypes.h(7): fatal error C1083: 无法打开包括文件: “optional”: No such file or directory
[9/14] Building CXX object CMakeFiles\FinceptTerminal.dir\src\screens\node_editor\properties\ExecutionResultsPanel.cpp.obj
FAILED: [code=2] CMakeFiles/FinceptTerminal.dir/src/screens/node_editor/properties/ExecutionResultsPanel.cpp.obj 
D:\Tools\MICROS~2\18\COMMUN~1\VC\Tools\MSVC\1450~1.357\bin\Hostx64\x64\cl.exe  /nologo /TP -DADS_STATIC -DFINCEPT_HAS_QXLSX -DFINCEPT_VERSION_STRING=\"4.0.2\" -DHAS_QT_MULTIMEDIA -DHAS_QT_TTS -DHAS_QT_WEBSOCKETS -DNOMINMAX -DQAPPLICATION_CLASS=QApplication -DQT_CHARTS_LIB -DQT_CONCURRENT_LIB -DQT_CORE_LIB -DQT_GUI_LIB -DQT_MULTIMEDIAWIDGETS_LIB -DQT_MULTIMEDIA_LIB -DQT_NETWORK_LIB -DQT_NO_DEBUG -DQT_OPENGLWIDGETS_LIB -DQT_OPENGL_LIB -DQT_PRINTSUPPORT_LIB -DQT_SQL_LIB -DQT_TEXTTOSPEECH_LIB -DQT_WEBSOCKETS_LIB -DQT_WIDGETS_LIB -DUNICODE -DWIN32 -DWIN32_LEAN_AND_MEAN -DWIN64 -D_ENABLE_EXTENDED_ALIGNED_STORAGE -D_UNICODE -D_WIN64 -I"E:\git tools\FinceptTerminal\fincept-qt\src" -I"E:\git tools\FinceptTerminal\fincept-qt\build\win-release\_deps\singleapplication-src" -I"E:\git tools\FinceptTerminal\fincept-qt\build\win-release\_deps\md4c-src\src" -I"E:\git tools\FinceptTerminal\fincept-qt\build\win-release\_deps\qxlsx-src\QXlsx\header" -I"E:\git tools\FinceptTerminal\fincept-qt\build\win-release\_deps\qgeoview-src\lib\include" -I"E:\git tools\FinceptTerminal\fincept-qt\build\win-release\_deps\qtads-src\src" -external:I"C:\Program Files\OpenSSL-Win64\include" -external:I"E:\git tools\FinceptTerminal\fincept-qt\build\win-release\FinceptTerminal_autogen\include" -external:ID:\Tools\Qt683\6.8.3\msvc2022_64\include\QtWidgets -external:ID:\Tools\Qt683\6.8.3\msvc2022_64\include -external:ID:\Tools\Qt683\6.8.3\msvc2022_64\include\QtCore -external:ID:\Tools\Qt683\6.8.3\msvc2022_64\mkspecs\win32-msvc -external:ID:\Tools\Qt683\6.8.3\msvc2022_64\include\QtGui -external:ID:\Tools\Qt683\6.8.3\msvc2022_64\include\QtCharts -external:ID:\Tools\Qt683\6.8.3\msvc2022_64\include\QtOpenGL -external:ID:\Tools\Qt683\6.8.3\msvc2022_64\include\QtOpenGLWidgets -external:ID:\Tools\Qt683\6.8.3\msvc2022_64\include\QtPrintSupport -external:ID:\Tools\Qt683\6.8.3\msvc2022_64\include\QtNetwork -external:ID:\Tools\Qt683\6.8.3\msvc2022_64\include\QtSql -external:ID:\Tools\Qt683\6.8.3\msvc2022_64\include\QtConcurrent -external:ID:\Tools\Qt683\6.8.3\msvc2022_64\include\QtMultimedia -external:ID:\Tools\Qt683\6.8.3\msvc2022_64\include\QtGui\6.8.3 -external:ID:\Tools\Qt683\6.8.3\msvc2022_64\include\QtGui\6.8.3\QtGui -external:ID:\Tools\Qt683\6.8.3\msvc2022_64\include\QtCore\6.8.3 -external:ID:\Tools\Qt683\6.8.3\msvc2022_64\include\QtCore\6.8.3\QtCore -external:ID:\Tools\Qt683\6.8.3\msvc2022_64\include\QtWebSockets -external:ID:\Tools\Qt683\6.8.3\msvc2022_64\include\QtMultimediaWidgets -external:ID:\Tools\Qt683\6.8.3\msvc2022_64\include\QtTextToSpeech -external:W0 -std:c++20 -MD /MP /Z7 /Oi /bigobj /permissive- /W4 /GL -Zc:__cplusplus -permissive- -utf-8 "/YuE:/git tools/FinceptTerminal/fincept-qt/build/win-release/CMakeFiles/FinceptTerminal.dir/cmake_pch.hxx" "/FpE:/git tools/FinceptTerminal/fincept-qt/build/win-release/CMakeFiles/FinceptTerminal.dir/.//cmake_pch.cxx.pch" "/FIE:/git tools/FinceptTerminal/fincept-qt/build/win-release/CMakeFiles/FinceptTerminal.dir/cmake_pch.hxx" /showIncludes /FoCMakeFiles\FinceptTerminal.dir\src\screens\node_editor\properties\ExecutionResultsPanel.cpp.obj /FdCMakeFiles\FinceptTerminal.dir\ /FS -c "E:\git tools\FinceptTerminal\fincept-qt\src\screens\node_editor\properties\ExecutionResultsPanel.cpp"
E:\git tools\FinceptTerminal\fincept-qt\src\screens/node_editor/NodeEditorTypes.h(9): fatal error C1083: 无法打开包括文件: “functional”: No such file or directory
[10/14] Building CXX object CMakeFiles\FinceptTerminal.dir\src\screens\node_editor\palette\NodePalette.cpp.obj
FAILED: [code=2] CMakeFiles/FinceptTerminal.dir/src/screens/node_editor/palette/NodePalette.cpp.obj 
D:\Tools\MICROS~2\18\COMMUN~1\VC\Tools\MSVC\1450~1.357\bin\Hostx64\x64\cl.exe  /nologo /TP -DADS_STATIC -DFINCEPT_HAS_QXLSX -DFINCEPT_VERSION_STRING=\"4.0.2\" -DHAS_QT_MULTIMEDIA -DHAS_QT_TTS -DHAS_QT_WEBSOCKETS -DNOMINMAX -DQAPPLICATION_CLASS=QApplication -DQT_CHARTS_LIB -DQT_CONCURRENT_LIB -DQT_CORE_LIB -DQT_GUI_LIB -DQT_MULTIMEDIAWIDGETS_LIB -DQT_MULTIMEDIA_LIB -DQT_NETWORK_LIB -DQT_NO_DEBUG -DQT_OPENGLWIDGETS_LIB -DQT_OPENGL_LIB -DQT_PRINTSUPPORT_LIB -DQT_SQL_LIB -DQT_TEXTTOSPEECH_LIB -DQT_WEBSOCKETS_LIB -DQT_WIDGETS_LIB -DUNICODE -DWIN32 -DWIN32_LEAN_AND_MEAN -DWIN64 -D_ENABLE_EXTENDED_ALIGNED_STORAGE -D_UNICODE -D_WIN64 -I"E:\git tools\FinceptTerminal\fincept-qt\src" -I"E:\git tools\FinceptTerminal\fincept-qt\build\win-release\_deps\singleapplication-src" -I"E:\git tools\FinceptTerminal\fincept-qt\build\win-release\_deps\md4c-src\src" -I"E:\git tools\FinceptTerminal\fincept-qt\build\win-release\_deps\qxlsx-src\QXlsx\header" -I"E:\git tools\FinceptTerminal\fincept-qt\build\win-release\_deps\qgeoview-src\lib\include" -I"E:\git tools\FinceptTerminal\fincept-qt\build\win-release\_deps\qtads-src\src" -external:I"C:\Program Files\OpenSSL-Win64\include" -external:I"E:\git tools\FinceptTerminal\fincept-qt\build\win-release\FinceptTerminal_autogen\include" -external:ID:\Tools\Qt683\6.8.3\msvc2022_64\include\QtWidgets -external:ID:\Tools\Qt683\6.8.3\msvc2022_64\include -external:ID:\Tools\Qt683\6.8.3\msvc2022_64\include\QtCore -external:ID:\Tools\Qt683\6.8.3\msvc2022_64\mkspecs\win32-msvc -external:ID:\Tools\Qt683\6.8.3\msvc2022_64\include\QtGui -external:ID:\Tools\Qt683\6.8.3\msvc2022_64\include\QtCharts -external:ID:\Tools\Qt683\6.8.3\msvc2022_64\include\QtOpenGL -external:ID:\Tools\Qt683\6.8.3\msvc2022_64\include\QtOpenGLWidgets -external:ID:\Tools\Qt683\6.8.3\msvc2022_64\include\QtPrintSupport -external:ID:\Tools\Qt683\6.8.3\msvc2022_64\include\QtNetwork -external:ID:\Tools\Qt683\6.8.3\msvc2022_64\include\QtSql -external:ID:\Tools\Qt683\6.8.3\msvc2022_64\include\QtConcurrent -external:ID:\Tools\Qt683\6.8.3\msvc2022_64\include\QtMultimedia -external:ID:\Tools\Qt683\6.8.3\msvc2022_64\include\QtGui\6.8.3 -external:ID:\Tools\Qt683\6.8.3\msvc2022_64\include\QtGui\6.8.3\QtGui -external:ID:\Tools\Qt683\6.8.3\msvc2022_64\include\QtCore\6.8.3 -external:ID:\Tools\Qt683\6.8.3\msvc2022_64\include\QtCore\6.8.3\QtCore -external:ID:\Tools\Qt683\6.8.3\msvc2022_64\include\QtWebSockets -external:ID:\Tools\Qt683\6.8.3\msvc2022_64\include\QtMultimediaWidgets -external:ID:\Tools\Qt683\6.8.3\msvc2022_64\include\QtTextToSpeech -external:W0 -std:c++20 -MD /MP /Z7 /Oi /bigobj /permissive- /W4 /GL -Zc:__cplusplus -permissive- -utf-8 "/YuE:/git tools/FinceptTerminal/fincept-qt/build/win-release/CMakeFiles/FinceptTerminal.dir/cmake_pch.hxx" "/FpE:/git tools/FinceptTerminal/fincept-qt/build/win-release/CMakeFiles/FinceptTerminal.dir/.//cmake_pch.cxx.pch" "/FIE:/git tools/FinceptTerminal/fincept-qt/build/win-release/CMakeFiles/FinceptTerminal.dir/cmake_pch.hxx" /showIncludes /FoCMakeFiles\FinceptTerminal.dir\src\screens\node_editor\palette\NodePalette.cpp.obj /FdCMakeFiles\FinceptTerminal.dir\ /FS -c "E:\git tools\FinceptTerminal\fincept-qt\src\screens\node_editor\palette\NodePalette.cpp"
E:\git tools\FinceptTerminal\fincept-qt\src\screens/node_editor/NodeEditorTypes.h(9): fatal error C1083: 无法打开包括文件: “functional”: No such file or directory
[11/14] Building CXX object CMakeFiles\FinceptTerminal.dir\src\screens\node_editor\toolbar\NodeEditorToolbar.cpp.obj
FAILED: [code=2] CMakeFiles/FinceptTerminal.dir/src/screens/node_editor/toolbar/NodeEditorToolbar.cpp.obj 
D:\Tools\MICROS~2\18\COMMUN~1\VC\Tools\MSVC\1450~1.357\bin\Hostx64\x64\cl.exe  /nologo /TP -DADS_STATIC -DFINCEPT_HAS_QXLSX -DFINCEPT_VERSION_STRING=\"4.0.2\" -DHAS_QT_MULTIMEDIA -DHAS_QT_TTS -DHAS_QT_WEBSOCKETS -DNOMINMAX -DQAPPLICATION_CLASS=QApplication -DQT_CHARTS_LIB -DQT_CONCURRENT_LIB -DQT_CORE_LIB -DQT_GUI_LIB -DQT_MULTIMEDIAWIDGETS_LIB -DQT_MULTIMEDIA_LIB -DQT_NETWORK_LIB -DQT_NO_DEBUG -DQT_OPENGLWIDGETS_LIB -DQT_OPENGL_LIB -DQT_PRINTSUPPORT_LIB -DQT_SQL_LIB -DQT_TEXTTOSPEECH_LIB -DQT_WEBSOCKETS_LIB -DQT_WIDGETS_LIB -DUNICODE -DWIN32 -DWIN32_LEAN_AND_MEAN -DWIN64 -D_ENABLE_EXTENDED_ALIGNED_STORAGE -D_UNICODE -D_WIN64 -I"E:\git tools\FinceptTerminal\fincept-qt\src" -I"E:\git tools\FinceptTerminal\fincept-qt\build\win-release\_deps\singleapplication-src" -I"E:\git tools\FinceptTerminal\fincept-qt\build\win-release\_deps\md4c-src\src" -I"E:\git tools\FinceptTerminal\fincept-qt\build\win-release\_deps\qxlsx-src\QXlsx\header" -I"E:\git tools\FinceptTerminal\fincept-qt\build\win-release\_deps\qgeoview-src\lib\include" -I"E:\git tools\FinceptTerminal\fincept-qt\build\win-release\_deps\qtads-src\src" -external:I"C:\Program Files\OpenSSL-Win64\include" -external:I"E:\git tools\FinceptTerminal\fincept-qt\build\win-release\FinceptTerminal_autogen\include" -external:ID:\Tools\Qt683\6.8.3\msvc2022_64\include\QtWidgets -external:ID:\Tools\Qt683\6.8.3\msvc2022_64\include -external:ID:\Tools\Qt683\6.8.3\msvc2022_64\include\QtCore -external:ID:\Tools\Qt683\6.8.3\msvc2022_64\mkspecs\win32-msvc -external:ID:\Tools\Qt683\6.8.3\msvc2022_64\include\QtGui -external:ID:\Tools\Qt683\6.8.3\msvc2022_64\include\QtCharts -external:ID:\Tools\Qt683\6.8.3\msvc2022_64\include\QtOpenGL -external:ID:\Tools\Qt683\6.8.3\msvc2022_64\include\QtOpenGLWidgets -external:ID:\Tools\Qt683\6.8.3\msvc2022_64\include\QtPrintSupport -external:ID:\Tools\Qt683\6.8.3\msvc2022_64\include\QtNetwork -external:ID:\Tools\Qt683\6.8.3\msvc2022_64\include\QtSql -external:ID:\Tools\Qt683\6.8.3\msvc2022_64\include\QtConcurrent -external:ID:\Tools\Qt683\6.8.3\msvc2022_64\include\QtMultimedia -external:ID:\Tools\Qt683\6.8.3\msvc2022_64\include\QtGui\6.8.3 -external:ID:\Tools\Qt683\6.8.3\msvc2022_64\include\QtGui\6.8.3\QtGui -external:ID:\Tools\Qt683\6.8.3\msvc2022_64\include\QtCore\6.8.3 -external:ID:\Tools\Qt683\6.8.3\msvc2022_64\include\QtCore\6.8.3\QtCore -external:ID:\Tools\Qt683\6.8.3\msvc2022_64\include\QtWebSockets -external:ID:\Tools\Qt683\6.8.3\msvc2022_64\include\QtMultimediaWidgets -external:ID:\Tools\Qt683\6.8.3\msvc2022_64\include\QtTextToSpeech -external:W0 -std:c++20 -MD /MP /Z7 /Oi /bigobj /permissive- /W4 /GL -Zc:__cplusplus -permissive- -utf-8 "/YuE:/git tools/FinceptTerminal/fincept-qt/build/win-release/CMakeFiles/FinceptTerminal.dir/cmake_pch.hxx" "/FpE:/git tools/FinceptTerminal/fincept-qt/build/win-release/CMakeFiles/FinceptTerminal.dir/.//cmake_pch.cxx.pch" "/FIE:/git tools/FinceptTerminal/fincept-qt/build/win-release/CMakeFiles/FinceptTerminal.dir/cmake_pch.hxx" /showIncludes /FoCMakeFiles\FinceptTerminal.dir\src\screens\node_editor\toolbar\NodeEditorToolbar.cpp.obj /FdCMakeFiles\FinceptTerminal.dir\ /FS -c "E:\git tools\FinceptTerminal\fincept-qt\src\screens\node_editor\toolbar\NodeEditorToolbar.cpp"
E:\git tools\FinceptTerminal\fincept-qt\src\ui/theme/ThemeTokens.h(2): fatal error C1083: 无法打开包括文件: “array”: No such file or directory
[12/14] Building CXX object CMakeFiles\FinceptTerminal.dir\src\screens\node_editor\toolbar\DeployDialog.cpp.obj
FAILED: [code=2] CMakeFiles/FinceptTerminal.dir/src/screens/node_editor/toolbar/DeployDialog.cpp.obj 
D:\Tools\MICROS~2\18\COMMUN~1\VC\Tools\MSVC\1450~1.357\bin\Hostx64\x64\cl.exe  /nologo /TP -DADS_STATIC -DFINCEPT_HAS_QXLSX -DFINCEPT_VERSION_STRING=\"4.0.2\" -DHAS_QT_MULTIMEDIA -DHAS_QT_TTS -DHAS_QT_WEBSOCKETS -DNOMINMAX -DQAPPLICATION_CLASS=QApplication -DQT_CHARTS_LIB -DQT_CONCURRENT_LIB -DQT_CORE_LIB -DQT_GUI_LIB -DQT_MULTIMEDIAWIDGETS_LIB -DQT_MULTIMEDIA_LIB -DQT_NETWORK_LIB -DQT_NO_DEBUG -DQT_OPENGLWIDGETS_LIB -DQT_OPENGL_LIB -DQT_PRINTSUPPORT_LIB -DQT_SQL_LIB -DQT_TEXTTOSPEECH_LIB -DQT_WEBSOCKETS_LIB -DQT_WIDGETS_LIB -DUNICODE -DWIN32 -DWIN32_LEAN_AND_MEAN -DWIN64 -D_ENABLE_EXTENDED_ALIGNED_STORAGE -D_UNICODE -D_WIN64 -I"E:\git tools\FinceptTerminal\fincept-qt\src" -I"E:\git tools\FinceptTerminal\fincept-qt\build\win-release\_deps\singleapplication-src" -I"E:\git tools\FinceptTerminal\fincept-qt\build\win-release\_deps\md4c-src\src" -I"E:\git tools\FinceptTerminal\fincept-qt\build\win-release\_deps\qxlsx-src\QXlsx\header" -I"E:\git tools\FinceptTerminal\fincept-qt\build\win-release\_deps\qgeoview-src\lib\include" -I"E:\git tools\FinceptTerminal\fincept-qt\build\win-release\_deps\qtads-src\src" -external:I"C:\Program Files\OpenSSL-Win64\include" -external:I"E:\git tools\FinceptTerminal\fincept-qt\build\win-release\FinceptTerminal_autogen\include" -external:ID:\Tools\Qt683\6.8.3\msvc2022_64\include\QtWidgets -external:ID:\Tools\Qt683\6.8.3\msvc2022_64\include -external:ID:\Tools\Qt683\6.8.3\msvc2022_64\include\QtCore -external:ID:\Tools\Qt683\6.8.3\msvc2022_64\mkspecs\win32-msvc -external:ID:\Tools\Qt683\6.8.3\msvc2022_64\include\QtGui -external:ID:\Tools\Qt683\6.8.3\msvc2022_64\include\QtCharts -external:ID:\Tools\Qt683\6.8.3\msvc2022_64\include\QtOpenGL -external:ID:\Tools\Qt683\6.8.3\msvc2022_64\include\QtOpenGLWidgets -external:ID:\Tools\Qt683\6.8.3\msvc2022_64\include\QtPrintSupport -external:ID:\Tools\Qt683\6.8.3\msvc2022_64\include\QtNetwork -external:ID:\Tools\Qt683\6.8.3\msvc2022_64\include\QtSql -external:ID:\Tools\Qt683\6.8.3\msvc2022_64\include\QtConcurrent -external:ID:\Tools\Qt683\6.8.3\msvc2022_64\include\QtMultimedia -external:ID:\Tools\Qt683\6.8.3\msvc2022_64\include\QtGui\6.8.3 -external:ID:\Tools\Qt683\6.8.3\msvc2022_64\include\QtGui\6.8.3\QtGui -external:ID:\Tools\Qt683\6.8.3\msvc2022_64\include\QtCore\6.8.3 -external:ID:\Tools\Qt683\6.8.3\msvc2022_64\include\QtCore\6.8.3\QtCore -external:ID:\Tools\Qt683\6.8.3\msvc2022_64\include\QtWebSockets -external:ID:\Tools\Qt683\6.8.3\msvc2022_64\include\QtMultimediaWidgets -external:ID:\Tools\Qt683\6.8.3\msvc2022_64\include\QtTextToSpeech -external:W0 -std:c++20 -MD /MP /Z7 /Oi /bigobj /permissive- /W4 /GL -Zc:__cplusplus -permissive- -utf-8 "/YuE:/git tools/FinceptTerminal/fincept-qt/build/win-release/CMakeFiles/FinceptTerminal.dir/cmake_pch.hxx" "/FpE:/git tools/FinceptTerminal/fincept-qt/build/win-release/CMakeFiles/FinceptTerminal.dir/.//cmake_pch.cxx.pch" "/FIE:/git tools/FinceptTerminal/fincept-qt/build/win-release/CMakeFiles/FinceptTerminal.dir/cmake_pch.hxx" /showIncludes /FoCMakeFiles\FinceptTerminal.dir\src\screens\node_editor\toolbar\DeployDialog.cpp.obj /FdCMakeFiles\FinceptTerminal.dir\ /FS -c "E:\git tools\FinceptTerminal\fincept-qt\src\screens\node_editor\toolbar\DeployDialog.cpp"
E:\git tools\FinceptTerminal\fincept-qt\src\ui/theme/ThemeTokens.h(2): fatal error C1083: 无法打开包括文件: “array”: No such file or directory
[13/14] Building CXX object CMakeFiles\FinceptTerminal.dir\src\screens\code_editor\CodeEditorScreen.cpp.obj
FAILED: [code=2] CMakeFiles/FinceptTerminal.dir/src/screens/code_editor/CodeEditorScreen.cpp.obj 
D:\Tools\MICROS~2\18\COMMUN~1\VC\Tools\MSVC\1450~1.357\bin\Hostx64\x64\cl.exe  /nologo /TP -DADS_STATIC -DFINCEPT_HAS_QXLSX -DFINCEPT_VERSION_STRING=\"4.0.2\" -DHAS_QT_MULTIMEDIA -DHAS_QT_TTS -DHAS_QT_WEBSOCKETS -DNOMINMAX -DQAPPLICATION_CLASS=QApplication -DQT_CHARTS_LIB -DQT_CONCURRENT_LIB -DQT_CORE_LIB -DQT_GUI_LIB -DQT_MULTIMEDIAWIDGETS_LIB -DQT_MULTIMEDIA_LIB -DQT_NETWORK_LIB -DQT_NO_DEBUG -DQT_OPENGLWIDGETS_LIB -DQT_OPENGL_LIB -DQT_PRINTSUPPORT_LIB -DQT_SQL_LIB -DQT_TEXTTOSPEECH_LIB -DQT_WEBSOCKETS_LIB -DQT_WIDGETS_LIB -DUNICODE -DWIN32 -DWIN32_LEAN_AND_MEAN -DWIN64 -D_ENABLE_EXTENDED_ALIGNED_STORAGE -D_UNICODE -D_WIN64 -I"E:\git tools\FinceptTerminal\fincept-qt\src" -I"E:\git tools\FinceptTerminal\fincept-qt\build\win-release\_deps\singleapplication-src" -I"E:\git tools\FinceptTerminal\fincept-qt\build\win-release\_deps\md4c-src\src" -I"E:\git tools\FinceptTerminal\fincept-qt\build\win-release\_deps\qxlsx-src\QXlsx\header" -I"E:\git tools\FinceptTerminal\fincept-qt\build\win-release\_deps\qgeoview-src\lib\include" -I"E:\git tools\FinceptTerminal\fincept-qt\build\win-release\_deps\qtads-src\src" -external:I"C:\Program Files\OpenSSL-Win64\include" -external:I"E:\git tools\FinceptTerminal\fincept-qt\build\win-release\FinceptTerminal_autogen\include" -external:ID:\Tools\Qt683\6.8.3\msvc2022_64\include\QtWidgets -external:ID:\Tools\Qt683\6.8.3\msvc2022_64\include -external:ID:\Tools\Qt683\6.8.3\msvc2022_64\include\QtCore -external:ID:\Tools\Qt683\6.8.3\msvc2022_64\mkspecs\win32-msvc -external:ID:\Tools\Qt683\6.8.3\msvc2022_64\include\QtGui -external:ID:\Tools\Qt683\6.8.3\msvc2022_64\include\QtCharts -external:ID:\Tools\Qt683\6.8.3\msvc2022_64\include\QtOpenGL -external:ID:\Tools\Qt683\6.8.3\msvc2022_64\include\QtOpenGLWidgets -external:ID:\Tools\Qt683\6.8.3\msvc2022_64\include\QtPrintSupport -external:ID:\Tools\Qt683\6.8.3\msvc2022_64\include\QtNetwork -external:ID:\Tools\Qt683\6.8.3\msvc2022_64\include\QtSql -external:ID:\Tools\Qt683\6.8.3\msvc2022_64\include\QtConcurrent -external:ID:\Tools\Qt683\6.8.3\msvc2022_64\include\QtMultimedia -external:ID:\Tools\Qt683\6.8.3\msvc2022_64\include\QtGui\6.8.3 -external:ID:\Tools\Qt683\6.8.3\msvc2022_64\include\QtGui\6.8.3\QtGui -external:ID:\Tools\Qt683\6.8.3\msvc2022_64\include\QtCore\6.8.3 -external:ID:\Tools\Qt683\6.8.3\msvc2022_64\include\QtCore\6.8.3\QtCore -external:ID:\Tools\Qt683\6.8.3\msvc2022_64\include\QtWebSockets -external:ID:\Tools\Qt683\6.8.3\msvc2022_64\include\QtMultimediaWidgets -external:ID:\Tools\Qt683\6.8.3\msvc2022_64\include\QtTextToSpeech -external:W0 -std:c++20 -MD /MP /Z7 /Oi /bigobj /permissive- /W4 /GL -Zc:__cplusplus -permissive- -utf-8 "/YuE:/git tools/FinceptTerminal/fincept-qt/build/win-release/CMakeFiles/FinceptTerminal.dir/cmake_pch.hxx" "/FpE:/git tools/FinceptTerminal/fincept-qt/build/win-release/CMakeFiles/FinceptTerminal.dir/.//cmake_pch.cxx.pch" "/FIE:/git tools/FinceptTerminal/fincept-qt/build/win-release/CMakeFiles/FinceptTerminal.dir/cmake_pch.hxx" /showIncludes /FoCMakeFiles\FinceptTerminal.dir\src\screens\code_editor\CodeEditorScreen.cpp.obj /FdCMakeFiles\FinceptTerminal.dir\ /FS -c "E:\git tools\FinceptTerminal\fincept-qt\src\screens\code_editor\CodeEditorScreen.cpp"
E:\git tools\FinceptTerminal\fincept-qt\src\core/keys/KeyConfigManager.h(10): fatal error C1083: 无法打开包括文件: “optional”: No such file or directory
ninja: build stopped: subcommand failed.
